Archive member included because of file (symbol)

C:\development\workspace\arduino\eclipse\arduinoProjectTemplate\libArduinoCore.a(wiring.o)
                              ./main.o (delay)
C:\development\workspace\arduino\eclipse\arduinoProjectTemplate\libArduinoCore.a(wiring_digital.o)
                              ./main.o (pinMode)
c:/development/frameworks/winavr/bin/../lib/gcc/avr/4.3.3/avr5\libgcc.a(_exit.o)
                              c:/development/frameworks/winavr/bin/../lib/gcc/avr/4.3.3/../../../../avr/lib/avr5/crtm328p.o (exit)
c:/development/frameworks/winavr/bin/../lib/gcc/avr/4.3.3/avr5\libgcc.a(_copy_data.o)
                              ./main.o (__do_copy_data)
c:/development/frameworks/winavr/bin/../lib/gcc/avr/4.3.3/avr5\libgcc.a(_clear_bss.o)
                              C:\development\workspace\arduino\eclipse\arduinoProjectTemplate\libArduinoCore.a(wiring.o) (__do_clear_bss)

Discarded input sections

 .data          0x00000000        0x0 c:/development/frameworks/winavr/bin/../lib/gcc/avr/4.3.3/../../../../avr/lib/avr5/crtm328p.o
 .bss           0x00000000        0x0 c:/development/frameworks/winavr/bin/../lib/gcc/avr/4.3.3/../../../../avr/lib/avr5/crtm328p.o
 .text          0x00000000        0x0 ./main.o
 .data          0x00000000        0x0 ./main.o
 .bss           0x00000000        0x0 ./main.o
 .text          0x00000000        0x0 C:\development\workspace\arduino\eclipse\arduinoProjectTemplate\libArduinoCore.a(wiring.o)
 .data          0x00000000        0x0 C:\development\workspace\arduino\eclipse\arduinoProjectTemplate\libArduinoCore.a(wiring.o)
 .bss           0x00000000        0x0 C:\development\workspace\arduino\eclipse\arduinoProjectTemplate\libArduinoCore.a(wiring.o)
 .text.millis   0x00000000        0x0 C:\development\workspace\arduino\eclipse\arduinoProjectTemplate\libArduinoCore.a(wiring.o)
 .text.delayMicroseconds
                0x00000000        0x0 C:\development\workspace\arduino\eclipse\arduinoProjectTemplate\libArduinoCore.a(wiring.o)
 .text          0x00000000        0x0 C:\development\workspace\arduino\eclipse\arduinoProjectTemplate\libArduinoCore.a(wiring_digital.o)
 .data          0x00000000        0x0 C:\development\workspace\arduino\eclipse\arduinoProjectTemplate\libArduinoCore.a(wiring_digital.o)
 .bss           0x00000000        0x0 C:\development\workspace\arduino\eclipse\arduinoProjectTemplate\libArduinoCore.a(wiring_digital.o)
 .text.digitalRead
                0x00000000        0x0 C:\development\workspace\arduino\eclipse\arduinoProjectTemplate\libArduinoCore.a(wiring_digital.o)
 .text          0x00000000        0x0 c:/development/frameworks/winavr/bin/../lib/gcc/avr/4.3.3/avr5\libgcc.a(_exit.o)
 .data          0x00000000        0x0 c:/development/frameworks/winavr/bin/../lib/gcc/avr/4.3.3/avr5\libgcc.a(_exit.o)
 .bss           0x00000000        0x0 c:/development/frameworks/winavr/bin/../lib/gcc/avr/4.3.3/avr5\libgcc.a(_exit.o)
 .text.libgcc   0x00000000        0x0 c:/development/frameworks/winavr/bin/../lib/gcc/avr/4.3.3/avr5\libgcc.a(_exit.o)
 .text          0x00000000        0x0 c:/development/frameworks/winavr/bin/../lib/gcc/avr/4.3.3/avr5\libgcc.a(_copy_data.o)
 .data          0x00000000        0x0 c:/development/frameworks/winavr/bin/../lib/gcc/avr/4.3.3/avr5\libgcc.a(_copy_data.o)
 .bss           0x00000000        0x0 c:/development/frameworks/winavr/bin/../lib/gcc/avr/4.3.3/avr5\libgcc.a(_copy_data.o)
 .text.libgcc   0x00000000        0x0 c:/development/frameworks/winavr/bin/../lib/gcc/avr/4.3.3/avr5\libgcc.a(_copy_data.o)
 .text          0x00000000        0x0 c:/development/frameworks/winavr/bin/../lib/gcc/avr/4.3.3/avr5\libgcc.a(_clear_bss.o)
 .data          0x00000000        0x0 c:/development/frameworks/winavr/bin/../lib/gcc/avr/4.3.3/avr5\libgcc.a(_clear_bss.o)
 .bss           0x00000000        0x0 c:/development/frameworks/winavr/bin/../lib/gcc/avr/4.3.3/avr5\libgcc.a(_clear_bss.o)
 .text.libgcc   0x00000000        0x0 c:/development/frameworks/winavr/bin/../lib/gcc/avr/4.3.3/avr5\libgcc.a(_clear_bss.o)

Memory Configuration

Name             Origin             Length             Attributes
text             0x00000000         0x00020000         xr
data             0x00800060         0x0000ffa0         rw !x
eeprom           0x00810000         0x00010000         rw !x
fuse             0x00820000         0x00000400         rw !x
lock             0x00830000         0x00000400         rw !x
signature        0x00840000         0x00000400         rw !x
*default*        0x00000000         0xffffffff

Linker script and memory map

Address of section .data set to 0x800100
LOAD c:/development/frameworks/winavr/bin/../lib/gcc/avr/4.3.3/../../../../avr/lib/avr5/crtm328p.o
LOAD ./main.o
LOAD C:\development\workspace\arduino\eclipse\arduinoProjectTemplate\libArduinoCore.a
LOAD c:/development/frameworks/winavr/bin/../lib/gcc/avr/4.3.3/../../../../avr/lib/avr5\libm.a
LOAD c:/development/frameworks/winavr/bin/../lib/gcc/avr/4.3.3/avr5\libgcc.a
LOAD c:/development/frameworks/winavr/bin/../lib/gcc/avr/4.3.3/../../../../avr/lib/avr5\libc.a
LOAD c:/development/frameworks/winavr/bin/../lib/gcc/avr/4.3.3/avr5\libgcc.a

.hash
 *(.hash)

.dynsym
 *(.dynsym)

.dynstr
 *(.dynstr)

.gnu.version
 *(.gnu.version)

.gnu.version_d
 *(.gnu.version_d)

.gnu.version_r
 *(.gnu.version_r)

.rel.init
 *(.rel.init)

.rela.init
 *(.rela.init)

.rel.text
 *(.rel.text)
 *(.rel.text.*)
 *(.rel.gnu.linkonce.t*)

.rela.text
 *(.rela.text)
 *(.rela.text.*)
 *(.rela.gnu.linkonce.t*)

.rel.fini
 *(.rel.fini)

.rela.fini
 *(.rela.fini)

.rel.rodata
 *(.rel.rodata)
 *(.rel.rodata.*)
 *(.rel.gnu.linkonce.r*)

.rela.rodata
 *(.rela.rodata)
 *(.rela.rodata.*)
 *(.rela.gnu.linkonce.r*)

.rel.data
 *(.rel.data)
 *(.rel.data.*)
 *(.rel.gnu.linkonce.d*)

.rela.data
 *(.rela.data)
 *(.rela.data.*)
 *(.rela.gnu.linkonce.d*)

.rel.ctors
 *(.rel.ctors)

.rela.ctors
 *(.rela.ctors)

.rel.dtors
 *(.rel.dtors)

.rela.dtors
 *(.rela.dtors)

.rel.got
 *(.rel.got)

.rela.got
 *(.rela.got)

.rel.bss
 *(.rel.bss)

.rela.bss
 *(.rela.bss)

.rel.plt
 *(.rel.plt)

.rela.plt
 *(.rela.plt)

.text           0x00000000      0x408
 *(.vectors)
 .vectors       0x00000000       0x68 c:/development/frameworks/winavr/bin/../lib/gcc/avr/4.3.3/../../../../avr/lib/avr5/crtm328p.o
                0x00000000                __vectors
                0x00000000                __vector_default
 *(.vectors)
 *(.progmem.gcc*)
 *(.progmem*)
 .progmem.data  0x00000068       0x5a C:\development\workspace\arduino\eclipse\arduinoProjectTemplate\libArduinoCore.a(wiring_digital.o)
                0x00000068                port_to_mode_PGM
                0x00000086                digital_pin_to_port_PGM
                0x0000009a                digital_pin_to_bit_mask_PGM
                0x00000072                port_to_output_PGM
                0x0000007c                port_to_input_PGM
                0x000000ae                digital_pin_to_timer_PGM
                0x000000c2                . = ALIGN (0x2)
                0x000000c2                __trampolines_start = .
 *(.trampolines)
 .trampolines   0x000000c2        0x0 linker stubs
 *(.trampolines*)
                0x000000c2                __trampolines_end = .
 *(.jumptables)
 *(.jumptables*)
 *(.lowtext)
 *(.lowtext*)
                0x000000c2                __ctors_start = .
 *(.ctors)
                0x000000c2                __ctors_end = .
                0x000000c2                __dtors_start = .
 *(.dtors)
                0x000000c2                __dtors_end = .
 SORT(*)(.ctors)
 SORT(*)(.dtors)
 *(.init0)
 .init0         0x000000c2        0x0 c:/development/frameworks/winavr/bin/../lib/gcc/avr/4.3.3/../../../../avr/lib/avr5/crtm328p.o
                0x000000c2                __init
 *(.init0)
 *(.init1)
 *(.init1)
 *(.init2)
 .init2         0x000000c2        0xc c:/development/frameworks/winavr/bin/../lib/gcc/avr/4.3.3/../../../../avr/lib/avr5/crtm328p.o
 *(.init2)
 *(.init3)
 *(.init3)
 *(.init4)
 .init4         0x000000ce       0x16 c:/development/frameworks/winavr/bin/../lib/gcc/avr/4.3.3/avr5\libgcc.a(_copy_data.o)
                0x000000ce                __do_copy_data
 .init4         0x000000e4       0x10 c:/development/frameworks/winavr/bin/../lib/gcc/avr/4.3.3/avr5\libgcc.a(_clear_bss.o)
                0x000000e4                __do_clear_bss
 *(.init4)
 *(.init5)
 *(.init5)
 *(.init6)
 *(.init6)
 *(.init7)
 *(.init7)
 *(.init8)
 *(.init8)
 *(.init9)
 .init9         0x000000f4        0x4 c:/development/frameworks/winavr/bin/../lib/gcc/avr/4.3.3/../../../../avr/lib/avr5/crtm328p.o
 *(.init9)
 *(.text)
 .text          0x000000f8        0x2 c:/development/frameworks/winavr/bin/../lib/gcc/avr/4.3.3/../../../../avr/lib/avr5/crtm328p.o
                0x000000f8                __vector_22
                0x000000f8                __vector_1
                0x000000f8                __vector_24
                0x000000f8                __vector_12
                0x000000f8                __bad_interrupt
                0x000000f8                __vector_6
                0x000000f8                __vector_3
                0x000000f8                __vector_23
                0x000000f8                __vector_25
                0x000000f8                __vector_11
                0x000000f8                __vector_13
                0x000000f8                __vector_17
                0x000000f8                __vector_19
                0x000000f8                __vector_7
                0x000000f8                __vector_5
                0x000000f8                __vector_4
                0x000000f8                __vector_9
                0x000000f8                __vector_2
                0x000000f8                __vector_21
                0x000000f8                __vector_15
                0x000000f8                __vector_8
                0x000000f8                __vector_14
                0x000000f8                __vector_10
                0x000000f8                __vector_18
                0x000000f8                __vector_20
                0x000000fa                . = ALIGN (0x2)
 *(.text.*)
 .text.loop     0x000000fa       0x24 ./main.o
                0x000000fa                loop
 .text.setup    0x0000011e        0x8 ./main.o
                0x0000011e                setup
 .text.main     0x00000126        0x8 ./main.o
                0x00000126                main
 .text.__vector_16
                0x0000012e       0x90 C:\development\workspace\arduino\eclipse\arduinoProjectTemplate\libArduinoCore.a(wiring.o)
                0x0000012e                __vector_16
 .text.micros   0x000001be       0x4c C:\development\workspace\arduino\eclipse\arduinoProjectTemplate\libArduinoCore.a(wiring.o)
                0x000001be                micros
 .text.delay    0x0000020a       0x48 C:\development\workspace\arduino\eclipse\arduinoProjectTemplate\libArduinoCore.a(wiring.o)
                0x0000020a                delay
 .text.init     0x00000252       0x76 C:\development\workspace\arduino\eclipse\arduinoProjectTemplate\libArduinoCore.a(wiring.o)
                0x00000252                init
 .text.pinMode  0x000002c8       0x7e C:\development\workspace\arduino\eclipse\arduinoProjectTemplate\libArduinoCore.a(wiring_digital.o)
                0x000002c8                pinMode
 .text.turnOffPWM
                0x00000346       0x5a C:\development\workspace\arduino\eclipse\arduinoProjectTemplate\libArduinoCore.a(wiring_digital.o)
 .text.digitalWrite
                0x000003a0       0x64 C:\development\workspace\arduino\eclipse\arduinoProjectTemplate\libArduinoCore.a(wiring_digital.o)
                0x000003a0                digitalWrite
                0x00000404                . = ALIGN (0x2)
 *(.fini9)
 .fini9         0x00000404        0x0 c:/development/frameworks/winavr/bin/../lib/gcc/avr/4.3.3/avr5\libgcc.a(_exit.o)
                0x00000404                exit
                0x00000404                _exit
 *(.fini9)
 *(.fini8)
 *(.fini8)
 *(.fini7)
 *(.fini7)
 *(.fini6)
 *(.fini6)
 *(.fini5)
 *(.fini5)
 *(.fini4)
 *(.fini4)
 *(.fini3)
 *(.fini3)
 *(.fini2)
 *(.fini2)
 *(.fini1)
 *(.fini1)
 *(.fini0)
 .fini0         0x00000404        0x4 c:/development/frameworks/winavr/bin/../lib/gcc/avr/4.3.3/avr5\libgcc.a(_exit.o)
 *(.fini0)
                0x00000408                _etext = .

.data           0x00800100        0x2 load address 0x00000408
                0x00800100                PROVIDE (__data_start, .)
 *(.data)
 *(.data*)
 .data.led      0x00800100        0x2 ./main.o
                0x00800100                led
 *(.rodata)
 *(.rodata*)
 *(.gnu.linkonce.d*)
                0x00800102                . = ALIGN (0x2)
                0x00800102                _edata = .
                0x00800102                PROVIDE (__data_end, .)

.bss            0x00800102        0x9
                0x00800102                PROVIDE (__bss_start, .)
 *(.bss)
 *(.bss*)
 .bss.timer0_overflow_count
                0x00800102        0x4 C:\development\workspace\arduino\eclipse\arduinoProjectTemplate\libArduinoCore.a(wiring.o)
                0x00800102                timer0_overflow_count
 .bss.timer0_millis
                0x00800106        0x4 C:\development\workspace\arduino\eclipse\arduinoProjectTemplate\libArduinoCore.a(wiring.o)
                0x00800106                timer0_millis
 .bss.timer0_fract
                0x0080010a        0x1 C:\development\workspace\arduino\eclipse\arduinoProjectTemplate\libArduinoCore.a(wiring.o)
 *(COMMON)
                0x0080010b                PROVIDE (__bss_end, .)
                0x00000408                __data_load_start = LOADADDR (.data)
                0x0000040a                __data_load_end = (__data_load_start + SIZEOF (.data))

.noinit         0x0080010b        0x0
                0x0080010b                PROVIDE (__noinit_start, .)
 *(.noinit*)
                0x0080010b                PROVIDE (__noinit_end, .)
                0x0080010b                _end = .
                0x0080010b                PROVIDE (__heap_start, .)

.eeprom         0x00810000        0x0
 *(.eeprom*)
                0x00810000                __eeprom_end = .

.fuse
 *(.fuse)
 *(.lfuse)
 *(.hfuse)
 *(.efuse)

.lock
 *(.lock*)

.signature
 *(.signature*)

.stab
 *(.stab)

.stabstr
 *(.stabstr)

.stab.excl
 *(.stab.excl)

.stab.exclstr
 *(.stab.exclstr)

.stab.index
 *(.stab.index)

.stab.indexstr
 *(.stab.indexstr)

.comment
 *(.comment)

.debug
 *(.debug)

.line
 *(.line)

.debug_srcinfo
 *(.debug_srcinfo)

.debug_sfnames
 *(.debug_sfnames)

.debug_aranges
 *(.debug_aranges)

.debug_pubnames
 *(.debug_pubnames)

.debug_info
 *(.debug_info)
 *(.gnu.linkonce.wi.*)

.debug_abbrev
 *(.debug_abbrev)

.debug_line
 *(.debug_line)

.debug_frame
 *(.debug_frame)

.debug_str
 *(.debug_str)

.debug_loc
 *(.debug_loc)

.debug_macinfo
 *(.debug_macinfo)
OUTPUT(arduinoProjectTemplate.elf elf32-avr)
LOAD linker stubs

Cross Reference Table

Symbol                                            File
__bad_interrupt                                   c:/development/frameworks/winavr/bin/../lib/gcc/avr/4.3.3/../../../../avr/lib/avr5/crtm328p.o
__bss_end                                         c:/development/frameworks/winavr/bin/../lib/gcc/avr/4.3.3/avr5\libgcc.a(_clear_bss.o)
__bss_start                                       c:/development/frameworks/winavr/bin/../lib/gcc/avr/4.3.3/avr5\libgcc.a(_clear_bss.o)
__data_end                                        c:/development/frameworks/winavr/bin/../lib/gcc/avr/4.3.3/avr5\libgcc.a(_copy_data.o)
__data_load_start                                 c:/development/frameworks/winavr/bin/../lib/gcc/avr/4.3.3/avr5\libgcc.a(_copy_data.o)
__data_start                                      c:/development/frameworks/winavr/bin/../lib/gcc/avr/4.3.3/avr5\libgcc.a(_copy_data.o)
__do_clear_bss                                    c:/development/frameworks/winavr/bin/../lib/gcc/avr/4.3.3/avr5\libgcc.a(_clear_bss.o)
                                                  C:\development\workspace\arduino\eclipse\arduinoProjectTemplate\libArduinoCore.a(wiring.o)
__do_copy_data                                    c:/development/frameworks/winavr/bin/../lib/gcc/avr/4.3.3/avr5\libgcc.a(_copy_data.o)
                                                  ./main.o
__heap_end                                        c:/development/frameworks/winavr/bin/../lib/gcc/avr/4.3.3/../../../../avr/lib/avr5/crtm328p.o
__init                                            c:/development/frameworks/winavr/bin/../lib/gcc/avr/4.3.3/../../../../avr/lib/avr5/crtm328p.o
__stack                                           c:/development/frameworks/winavr/bin/../lib/gcc/avr/4.3.3/../../../../avr/lib/avr5/crtm328p.o
__vector_1                                        c:/development/frameworks/winavr/bin/../lib/gcc/avr/4.3.3/../../../../avr/lib/avr5/crtm328p.o
__vector_10                                       c:/development/frameworks/winavr/bin/../lib/gcc/avr/4.3.3/../../../../avr/lib/avr5/crtm328p.o
__vector_11                                       c:/development/frameworks/winavr/bin/../lib/gcc/avr/4.3.3/../../../../avr/lib/avr5/crtm328p.o
__vector_12                                       c:/development/frameworks/winavr/bin/../lib/gcc/avr/4.3.3/../../../../avr/lib/avr5/crtm328p.o
__vector_13                                       c:/development/frameworks/winavr/bin/../lib/gcc/avr/4.3.3/../../../../avr/lib/avr5/crtm328p.o
__vector_14                                       c:/development/frameworks/winavr/bin/../lib/gcc/avr/4.3.3/../../../../avr/lib/avr5/crtm328p.o
__vector_15                                       c:/development/frameworks/winavr/bin/../lib/gcc/avr/4.3.3/../../../../avr/lib/avr5/crtm328p.o
__vector_16                                       C:\development\workspace\arduino\eclipse\arduinoProjectTemplate\libArduinoCore.a(wiring.o)
                                                  c:/development/frameworks/winavr/bin/../lib/gcc/avr/4.3.3/../../../../avr/lib/avr5/crtm328p.o
__vector_17                                       c:/development/frameworks/winavr/bin/../lib/gcc/avr/4.3.3/../../../../avr/lib/avr5/crtm328p.o
__vector_18                                       c:/development/frameworks/winavr/bin/../lib/gcc/avr/4.3.3/../../../../avr/lib/avr5/crtm328p.o
__vector_19                                       c:/development/frameworks/winavr/bin/../lib/gcc/avr/4.3.3/../../../../avr/lib/avr5/crtm328p.o
__vector_2                                        c:/development/frameworks/winavr/bin/../lib/gcc/avr/4.3.3/../../../../avr/lib/avr5/crtm328p.o
__vector_20                                       c:/development/frameworks/winavr/bin/../lib/gcc/avr/4.3.3/../../../../avr/lib/avr5/crtm328p.o
__vector_21                                       c:/development/frameworks/winavr/bin/../lib/gcc/avr/4.3.3/../../../../avr/lib/avr5/crtm328p.o
__vector_22                                       c:/development/frameworks/winavr/bin/../lib/gcc/avr/4.3.3/../../../../avr/lib/avr5/crtm328p.o
__vector_23                                       c:/development/frameworks/winavr/bin/../lib/gcc/avr/4.3.3/../../../../avr/lib/avr5/crtm328p.o
__vector_24                                       c:/development/frameworks/winavr/bin/../lib/gcc/avr/4.3.3/../../../../avr/lib/avr5/crtm328p.o
__vector_25                                       c:/development/frameworks/winavr/bin/../lib/gcc/avr/4.3.3/../../../../avr/lib/avr5/crtm328p.o
__vector_3                                        c:/development/frameworks/winavr/bin/../lib/gcc/avr/4.3.3/../../../../avr/lib/avr5/crtm328p.o
__vector_4                                        c:/development/frameworks/winavr/bin/../lib/gcc/avr/4.3.3/../../../../avr/lib/avr5/crtm328p.o
__vector_5                                        c:/development/frameworks/winavr/bin/../lib/gcc/avr/4.3.3/../../../../avr/lib/avr5/crtm328p.o
__vector_6                                        c:/development/frameworks/winavr/bin/../lib/gcc/avr/4.3.3/../../../../avr/lib/avr5/crtm328p.o
__vector_7                                        c:/development/frameworks/winavr/bin/../lib/gcc/avr/4.3.3/../../../../avr/lib/avr5/crtm328p.o
__vector_8                                        c:/development/frameworks/winavr/bin/../lib/gcc/avr/4.3.3/../../../../avr/lib/avr5/crtm328p.o
__vector_9                                        c:/development/frameworks/winavr/bin/../lib/gcc/avr/4.3.3/../../../../avr/lib/avr5/crtm328p.o
__vector_default                                  c:/development/frameworks/winavr/bin/../lib/gcc/avr/4.3.3/../../../../avr/lib/avr5/crtm328p.o
__vectors                                         c:/development/frameworks/winavr/bin/../lib/gcc/avr/4.3.3/../../../../avr/lib/avr5/crtm328p.o
_exit                                             c:/development/frameworks/winavr/bin/../lib/gcc/avr/4.3.3/avr5\libgcc.a(_exit.o)
delay                                             C:\development\workspace\arduino\eclipse\arduinoProjectTemplate\libArduinoCore.a(wiring.o)
                                                  ./main.o
delayMicroseconds                                 C:\development\workspace\arduino\eclipse\arduinoProjectTemplate\libArduinoCore.a(wiring.o)
digitalRead                                       C:\development\workspace\arduino\eclipse\arduinoProjectTemplate\libArduinoCore.a(wiring_digital.o)
digitalWrite                                      C:\development\workspace\arduino\eclipse\arduinoProjectTemplate\libArduinoCore.a(wiring_digital.o)
                                                  ./main.o
digital_pin_to_bit_mask_PGM                       C:\development\workspace\arduino\eclipse\arduinoProjectTemplate\libArduinoCore.a(wiring_digital.o)
digital_pin_to_port_PGM                           C:\development\workspace\arduino\eclipse\arduinoProjectTemplate\libArduinoCore.a(wiring_digital.o)
digital_pin_to_timer_PGM                          C:\development\workspace\arduino\eclipse\arduinoProjectTemplate\libArduinoCore.a(wiring_digital.o)
exit                                              c:/development/frameworks/winavr/bin/../lib/gcc/avr/4.3.3/avr5\libgcc.a(_exit.o)
                                                  c:/development/frameworks/winavr/bin/../lib/gcc/avr/4.3.3/../../../../avr/lib/avr5/crtm328p.o
init                                              C:\development\workspace\arduino\eclipse\arduinoProjectTemplate\libArduinoCore.a(wiring.o)
                                                  ./main.o
led                                               ./main.o
loop                                              ./main.o
main                                              ./main.o
                                                  c:/development/frameworks/winavr/bin/../lib/gcc/avr/4.3.3/../../../../avr/lib/avr5/crtm328p.o
micros                                            C:\development\workspace\arduino\eclipse\arduinoProjectTemplate\libArduinoCore.a(wiring.o)
millis                                            C:\development\workspace\arduino\eclipse\arduinoProjectTemplate\libArduinoCore.a(wiring.o)
pinMode                                           C:\development\workspace\arduino\eclipse\arduinoProjectTemplate\libArduinoCore.a(wiring_digital.o)
                                                  ./main.o
port_to_input_PGM                                 C:\development\workspace\arduino\eclipse\arduinoProjectTemplate\libArduinoCore.a(wiring_digital.o)
port_to_mode_PGM                                  C:\development\workspace\arduino\eclipse\arduinoProjectTemplate\libArduinoCore.a(wiring_digital.o)
port_to_output_PGM                                C:\development\workspace\arduino\eclipse\arduinoProjectTemplate\libArduinoCore.a(wiring_digital.o)
setup                                             ./main.o
timer0_millis                                     C:\development\workspace\arduino\eclipse\arduinoProjectTemplate\libArduinoCore.a(wiring.o)
timer0_overflow_count                             C:\development\workspace\arduino\eclipse\arduinoProjectTemplate\libArduinoCore.a(wiring.o)
